Microchip MPLAB XC8 Compiler V1.45 ()

Linker command line:

-W-3 --edf=C:\Program Files (x86)\Microchip\xc8\v1.45\dat\en_msgs.txt -cs \
  -h+dist/default/production\pic16f886.X.production.sym \
  --cmf=dist/default/production\pic16f886.X.production.cmf -z -Q16F886 \
  -oC:\Users\HSAINT~1\AppData\Local\Temp\sc58.2 \
  -Mdist/default/production/pic16f886.X.production.map -E1 -ver=XC8 \
  -ASTACK=0110h-016fh -pstack=STACK -ACODE=00h-07FFhx4 -ASTRCODE=00h-01FFFh \
  -ASTRING=00h-0FFhx32 -ACONST=00h-0FFhx32 -AENTRY=00h-0FFhx32 \
  -ACOMMON=070h-07Fh -ABANK0=020h-06Fh -ABANK1=0A0h-0EFh \
  -ABANK2=0110h-016Fh -ABANK3=0190h-01EFh \
  -ARAM=020h-06Fh,0A0h-0EFh,0110h-016Fh,0190h-01EFh \
  -AABS1=020h-07Fh,0A0h-0EFh,0110h-016Fh,0190h-01EFh -ASFR0=00h-01Fh \
  -ASFR1=080h-09Fh -ASFR2=0100h-010Fh -ASFR3=0180h-018Fh \
  -preset_vec=00h,intentry=04h,init,end_init -ppowerup=CODE -pcinit=CODE \
  -pfunctab=ENTRY -ACONFIG=02007h-02008h -pconfig=CONFIG -DCONFIG=2 \
  -AIDLOC=02000h-02003h -pidloc=IDLOC -DIDLOC=2 -AEEDATA=00h-0FFh/02100h \
  -peeprom_data=EEDATA -DEEDATA=2 -DCODE=2 -DSTRCODE=2 -DSTRING=2 -DCONST=2 \
  -DENTRY=2 -k C:\Users\HSAINT~1\AppData\Local\Temp\sc58.obj \
  dist/default/production\pic16f886.X.production.obj 

Object code version is 3.11

Machine type is 16F886



                Name                               Link     Load   Length Selector   Space Scale
C:\Users\HSAINT~1\AppData\Local\Temp\sc58.obj
                end_init                             12       12        3        8       0
                reset_vec                             0        0        3        0       0
                config                             2007     2007        2     400E       0
dist/default/production\pic16f886.X.production.obj
                cinit                                15       15       1A        8       0
                intentry                              4        4        E        8       0
                text14                              7B4      7B4       48        8       0
                text13                              BD0      BD0       3C     17A0       0
                text12                              B9C      B9C       34     1738       0
                text11                              AFD      AFD       21     15FA       0
                text10                              AD7      AD7        E     15AE       0
                text9                               AC7      AC7        8     158E       0
                text8                               E6A      E6A      196     1CD4       0
                text7                               B1E      B1E       26     163C       0
                text6                               C0C      C0C       A0     1818       0
                text5                                2F       2F      785        8       0
                text4                               B6E      B6E       2E     16DC       0
                text3                               CAC      CAC       B2     1958       0
                text2                               B44      B44       2A     1688       0
                text1                               AE5      AE5       18     15CA       0
                maintext                            D5E      D5E      10C     1ABC       0
                cstackBANK0                          20       20       38       20       1
                cstackCOMMON                         70       70        E       70       1
                cstackBANK1                          BE       BE        D       A0       1
                clrtext                             ACF      ACF        8     159E       0
                bssBANK1                             A0       A0       1E       A0       1
                dataBANK0                            6D       6D        1       20       1
                bssBANK0                             58       58       12       20       1
                bitbssBANK0                         350       6A        5       20       1     8
                nvBANK0                              6B       6B        2       20       1
                strings                             800      800       18     1000       0
                idataBANK0                          7FC      7FC        1        8       0

TOTAL           Name                               Link     Load   Length     Space
        CLASS   STACK          

        CLASS   CODE           
                end_init                             12       12        3         0
                cinit                                15       15       1A         0
                intentry                              4        4        E         0
                reset_vec                             0        0        3         0
                text14                              7B4      7B4       48         0
                text13                              BD0      BD0       3C         0
                text12                              B9C      B9C       34         0
                text11                              AFD      AFD       21         0
                text10                              AD7      AD7        E         0
                text9                               AC7      AC7        8         0
                text8                               E6A      E6A      196         0
                text7                               B1E      B1E       26         0
                text6                               C0C      C0C       A0         0
                text5                                2F       2F      785         0
                text4                               B6E      B6E       2E         0
                text3                               CAC      CAC       B2         0
                text2                               B44      B44       2A         0
                text1                               AE5      AE5       18         0
                maintext                            D5E      D5E      10C         0
                clrtext                             ACF      ACF        8         0
                idataBANK0                          7FC      7FC        1         0

        CLASS   STRCODE        

        CLASS   STRING         
                strings                             800      800       18         0

        CLASS   CONST          

        CLASS   ENTRY          

        CLASS   COMMON         
                cstackCOMMON                         70       70        E         1

        CLASS   BANK0          
                cstackBANK0                          20       20       38         1
                dataBANK0                            6D       6D        1         1
                bssBANK0                             58       58       12         1
                bitbssBANK0                         350       6A        5         1
                nvBANK0                              6B       6B        2         1

        CLASS   BANK1          
                cstackBANK1                          BE       BE        D         1
                bssBANK1                             A0       A0       1E         1

        CLASS   BANK2          

        CLASS   BANK3          

        CLASS   RAM            

        CLASS   ABS1           
                abs_s1                               7E       7E        2         1

        CLASS   SFR0           

        CLASS   SFR1           

        CLASS   SFR2           

        CLASS   SFR3           

        CLASS   CONFIG         
                config                             2007     2007        2         0

        CLASS   IDLOC          

        CLASS   EEDATA         



SEGMENTS        Name                           Load    Length   Top    Selector   Space  Class     Delta

                reset_vec                      000000  000003  000003         0       0  CODE        2
                intentry                       000004  0007F9  0007FD         8       0  CODE        2
                cstackBANK0                    000020  00004E  00006E        20       1  BANK0       1
                cstackCOMMON                   000070  00000E  00007E        70       1  COMMON      1
                bssBANK1                       0000A0  00002B  0000CB        A0       1  BANK1       1
                strings                        000800  000018  000818      1000       0  STRING      2
                text9                          000AC7  000008  000ACF      158E       0  CODE        2
                clrtext                        000ACF  000008  000AD7      159E       0  CODE        2
                text10                         000AD7  00000E  000AE5      15AE       0  CODE        2
                text1                          000AE5  000018  000AFD      15CA       0  CODE        2
                text11                         000AFD  000021  000B1E      15FA       0  CODE        2
                text7                          000B1E  000026  000B44      163C       0  CODE        2
                text2                          000B44  00002A  000B6E      1688       0  CODE        2
                text4                          000B6E  00002E  000B9C      16DC       0  CODE        2
                text12                         000B9C  000034  000BD0      1738       0  CODE        2
                text13                         000BD0  00003C  000C0C      17A0       0  CODE        2
                text6                          000C0C  0000A0  000CAC      1818       0  CODE        2
                text3                          000CAC  0000B2  000D5E      1958       0  CODE        2
                maintext                       000D5E  00010C  000E6A      1ABC       0  CODE        2
                text8                          000E6A  000196  001000      1CD4       0  CODE        2
                config                         002007  000002  002009      400E       0  CONFIG      2


UNUSED ADDRESS RANGES

        Name                Unused          Largest block    Delta
        BANK0            006E-006F              2           1
        BANK1            00CB-00EF             25           1
        BANK2            0110-016F             60           1
        BANK3            0190-01EF             60           1
        CODE             0003-0003              1           2
                         07FD-07FF              3
                         0818-0AC6            2AF
                         1000-1FFF            800
        CONST            0003-0003              1           2
                         07FD-07FF              3
                         0818-0AC6            100
                         1000-1FFF            100
        EEDATA           2100-21FF            100           2
        ENTRY            0003-0003              1           2
                         07FD-07FF              3
                         0818-0AC6            100
                         1000-1FFF            100
        IDLOC            2000-2003              4           2
        RAM              006E-006F              2           1
                         00CB-00EF             25
                         0110-016F             60
                         0190-01EF             60
        SFR0             0000-001F             20           1
        SFR1             0080-009F             20           1
        SFR2             0100-010F             10           1
        SFR3             0180-018F             10           1
        STACK            0110-016F             60           1
        STRCODE          0003-0003              1           2
                         07FD-07FF              3
                         0818-0AC6            2AF
                         1000-1FFF           1000
        STRING           0003-0003              1           2
                         07FD-07FF              3
                         0818-0AC6            100
                         1000-1FFF            100

                                  Symbol Table

?___lwdiv                 cstackCOMMON 0076
?___lwmod                 cstackBANK0  0020
?___wmul                  cstackCOMMON 0070
?_cattle_nr               cstackBANK1  00C1
?_printf                  cstackBANK0  0026
?i1_cattle_nr             cstackCOMMON 0073
_ANSEL                    (abs)        0188
_ANSELH                   (abs)        0189
_BAUDCTLbits              (abs)        0187
_EEADR                    (abs)        010D
_EECON1bits               (abs)        018C
_EECON2                   (abs)        018D
_EEDAT                    (abs)        010C
_INTCON                   (abs)        000B
_OSCCON                   (abs)        008F
_PIE1bits                 (abs)        008C
_PIR1bits                 (abs)        000C
_PIR2bits                 (abs)        000D
_PORTA                    (abs)        0005
_PORTAbits                (abs)        0005
_PORTB                    (abs)        0006
_PORTCbits                (abs)        0007
_PR2                      (abs)        0092
_RCREG                    (abs)        001A
_RCSTAbits                (abs)        0018
_SPBRG                    (abs)        0099
_SPBRGH                   (abs)        009A
_T2CON                    (abs)        0012
_TRISA                    (abs)        0085
_TRISB                    (abs)        0086
_TRISC                    (abs)        0087
_TXREG                    (abs)        0019
_TXSTAbits                (abs)        0098
__CFG_BOR4V$BOR40V        (abs)        0000
__CFG_BOREN$ON            (abs)        0000
__CFG_CP$OFF              (abs)        0000
__CFG_CPD$OFF             (abs)        0000
__CFG_FCMEN$ON            (abs)        0000
__CFG_FOSC$INTRC_NOCLKOUT (abs)        0000
__CFG_IESO$ON             (abs)        0000
__CFG_LVP$OFF             (abs)        0000
__CFG_MCLRE$ON            (abs)        0000
__CFG_PWRTE$OFF           (abs)        0000
__CFG_WDTE$OFF            (abs)        0000
__CFG_WRT$OFF             (abs)        0000
__Habs1                   abs1         0000
__Hbank0                  bank0        0000
__Hbank1                  bank1        0000
__Hbank2                  bank2        0000
__Hbank3                  bank3        0000
__HbitbssBANK0            bitbssBANK0  0000
__HbssBANK0               bssBANK0     0000
__HbssBANK1               bssBANK1     0000
__Hcinit                  cinit        002F
__Hclrtext                clrtext      0000
__Hcode                   code         0000
__Hcommon                 common       0000
__Hconfig                 config       2009
__HcstackBANK0            cstackBANK0  0000
__HcstackBANK1            cstackBANK1  0000
__HcstackCOMMON           cstackCOMMON 0000
__HdataBANK0              dataBANK0    0000
__Heeprom_data            eeprom_data  0000
__Hend_init               end_init     0015
__Hfunctab                functab      0000
__HidataBANK0             idataBANK0   0000
__Hidloc                  idloc        0000
__Hinit                   init         0012
__Hintentry               intentry     0012
__Hmaintext               maintext     0000
__HnvBANK0                nvBANK0      0000
__Hpowerup                powerup      0000
__Hram                    ram          0000
__Hreset_vec              reset_vec    0003
__Hsfr0                   sfr0         0000
__Hsfr1                   sfr1         0000
__Hsfr2                   sfr2         0000
__Hsfr3                   sfr3         0000
__Hspace_0                (abs)        2009
__Hspace_1                (abs)        0355
__Hspace_2                (abs)        0000
__Hspace_3                (abs)        0000
__Hstack                  stack        0000
__Hstrings                strings      0000
__Htext                   text         0000
__Labs1                   abs1         0000
__Lbank0                  bank0        0000
__Lbank1                  bank1        0000
__Lbank2                  bank2        0000
__Lbank3                  bank3        0000
__LbitbssBANK0            bitbssBANK0  0000
__LbssBANK0               bssBANK0     0000
__LbssBANK1               bssBANK1     0000
__Lcinit                  cinit        0015
__Lclrtext                clrtext      0000
__Lcode                   code         0000
__Lcommon                 common       0000
__Lconfig                 config       2007
__LcstackBANK0            cstackBANK0  0000
__LcstackBANK1            cstackBANK1  0000
__LcstackCOMMON           cstackCOMMON 0000
__LdataBANK0              dataBANK0    0000
__Leeprom_data            eeprom_data  0000
__Lend_init               end_init     0012
__Lfunctab                functab      0000
__LidataBANK0             idataBANK0   0000
__Lidloc                  idloc        0000
__Linit                   init         0012
__Lintentry               intentry     0004
__Lmaintext               maintext     0000
__LnvBANK0                nvBANK0      0000
__Lpowerup                powerup      0000
__Lram                    ram          0000
__Lreset_vec              reset_vec    0000
__Lsfr0                   sfr0         0000
__Lsfr1                   sfr1         0000
__Lsfr2                   sfr2         0000
__Lsfr3                   sfr3         0000
__Lspace_0                (abs)        0000
__Lspace_1                (abs)        0000
__Lspace_2                (abs)        0000
__Lspace_3                (abs)        0000
__Lstack                  stack        0000
__Lstrings                strings      0000
__Ltext                   text         0000
__S0                      (abs)        2009
__S1                      (abs)        00CB
__S2                      (abs)        0000
__S3                      (abs)        0000
___int_sp                 stack        0000
___latbits                (abs)        0002
___lwdiv                  text13       0BD0
___lwdiv@counter          cstackCOMMON 007D
___lwdiv@dividend         cstackCOMMON 0078
___lwdiv@divisor          cstackCOMMON 0076
___lwdiv@quotient         cstackCOMMON 007B
___lwmod                  text12       0B9C
___lwmod@counter          cstackBANK0  0025
___lwmod@dividend         cstackBANK0  0022
___lwmod@divisor          cstackBANK0  0020
___sp                     stack        0000
___wmul                   text11       0AFD
___wmul@multiplicand      cstackCOMMON 0072
___wmul@multiplier        cstackCOMMON 0070
___wmul@product           cstackCOMMON 0074
__end_of___lwdiv          text13       0C0C
__end_of___lwmod          text12       0BD0
__end_of___wmul           text11       0B1E
__end_of__initialization  cinit        002B
__end_of__stringtab       strings      0806
__end_of_cattle_nr        text3        0D5E
__end_of_display          text14       07FC
__end_of_dpowers          strings      0810
__end_of_init_timer2      text2        0B6E
__end_of_ints_isr         text5        07B4
__end_of_isdigit          text10       0AE5
__end_of_main             maintext     0E6A
__end_of_printf           text8        1000
__end_of_putch            text9        0ACF
__end_of_rw_eeprom        text4        0B9C
__end_of_swBot            strings      0812
__end_of_swTop            strings      0811
__end_of_uart_init        text1        0AFD
__end_ofi1_cattle_nr      text6        0CAC
__end_ofi1_rw_eeprom      text7        0B44
__initialization          cinit        0015
__pbitbssBANK0            bitbssBANK0  0350
__pbssBANK0               bssBANK0     0058
__pbssBANK1               bssBANK1     00A0
__pcstackBANK0            cstackBANK0  0020
__pcstackBANK1            cstackBANK1  00BE
__pcstackCOMMON           cstackCOMMON 0070
__pdataBANK0              dataBANK0    006D
__pidataBANK0             idataBANK0   07FC
__pintentry               intentry     0004
__pmaintext               maintext     0D5E
__pnvBANK0                nvBANK0      006B
__pstrings                strings      0800
__ptext1                  text1        0AE5
__ptext10                 text10       0AD7
__ptext11                 text11       0AFD
__ptext12                 text12       0B9C
__ptext13                 text13       0BD0
__ptext14                 text14       07B4
__ptext2                  text2        0B44
__ptext3                  text3        0CAC
__ptext4                  text4        0B6E
__ptext5                  text5        002F
__ptext6                  text6        0C0C
__ptext7                  text7        0B1E
__ptext8                  text8        0E6A
__ptext9                  text9        0AC7
__size_of___lwdiv         (abs)        0000
__size_of___lwmod         (abs)        0000
__size_of___wmul          (abs)        0000
__size_of_cattle_nr       (abs)        0000
__size_of_display         (abs)        0000
__size_of_init_timer2     (abs)        0000
__size_of_ints_isr        (abs)        0000
__size_of_isdigit         (abs)        0000
__size_of_main            (abs)        0000
__size_of_printf          (abs)        0000
__size_of_putch           (abs)        0000
__size_of_rw_eeprom       (abs)        0000
__size_of_uart_init       (abs)        0000
__size_ofi1_cattle_nr     (abs)        0000
__size_ofi1_rw_eeprom     (abs)        0000
__stringbase              strings      0805
__stringtab               strings      0800
_accuValor                bssBANK0     005C
_btnDown                  bitbssBANK0  0352
_btnDownT                 bssBANK0     005F
_btnUp                    bitbssBANK0  0353
_btnUpT                   bssBANK0     0060
_cattle_nr                text3        0CAC
_datos                    bssBANK1     00A0
_digit                    bssBANK0     0061
_display                  text14       07B4
_dpowers                  strings      0806
_garron                   nvBANK0      006B
_i                        bssBANK0     0068
_init_timer2              text2        0B44
_ints_isr                 text5        002F
_ints_isr$845             cstackBANK0  004A
_isdigit                  text10       0AD7
_isdigit$632              cstackCOMMON 0070
_j                        bssBANK0     0069
_main                     maintext     0D5E
_mainAux                  bssBANK1     00BC
_outC                     bssBANK0     0067
_outD                     bssBANK0     0066
_outU                     bssBANK0     0065
_printf                   text8        0E6A
_putch                    text9        0AC7
_res                      dataBANK0    006D
_resC                     bssBANK0     0064
_resD                     bssBANK0     0063
_resU                     bssBANK0     0062
_reset                    bitbssBANK0  0351
_rw_eeprom                text4        0B6E
_swBot                    strings      0811
_swTop                    strings      0810
_tempo                    bssBANK0     005A
_tick                     bssBANK0     005E
_timerReset               bssBANK0     0058
_uart_init                text1        0AE5
btemp                     (abs)        007E
cattle_nr@cattle          cstackBANK1  00C1
cattle_nr@dato            cstackBANK1  00C8
cattle_nr@opt             cstackBANK1  00C5
cattle_nr@rta             cstackBANK1  00C6
clear_ram0                clrtext      0ACF
end_of_initialization     cinit        002B
i1_cattle_nr              text6        0C0C
i1_rw_eeprom              text7        0B1E
i1cattle_nr@cattle        cstackCOMMON 0073
i1cattle_nr@dato          cstackCOMMON 007A
i1cattle_nr@opt           cstackCOMMON 0077
i1cattle_nr@rta           cstackCOMMON 0078
i1rw_eeprom@addr          cstackCOMMON 0072
i1rw_eeprom@data          cstackCOMMON 0070
i1rw_eeprom@rw            cstackCOMMON 0071
init_timer2@eoc           cstackBANK1  00BF
init_timer2@post          cstackBANK1  00BE
init_timer2@pre           cstackBANK1  00C2
init_timer2@sfr           cstackBANK1  00C3
interrupt_function        intentry     0004
intlevel0                 functab      0000
intlevel1                 functab      0000
intlevel2                 functab      0000
intlevel3                 functab      0000
intlevel4                 functab      0000
intlevel5                 functab      0000
ints_isr@aux              cstackBANK0  004E
ints_isr@aux_405          cstackBANK0  004F
ints_isr@drop             cstackBANK0  0040
ints_isr@garron_1c        cstackBANK0  0044
ints_isr@garron_1d        cstackBANK0  0045
ints_isr@garron_1u        cstackBANK0  0046
ints_isr@garron_2c        cstackBANK0  0047
ints_isr@garron_2d        cstackBANK0  0048
ints_isr@garron_2u        cstackBANK0  0049
ints_isr@k                cstackBANK0  004C
ints_isr@k_401            cstackBANK0  004D
ints_isr@lower            cstackBANK0  0056
ints_isr@lower_404        cstackBANK0  0052
ints_isr@nral1            cstackBANK0  0051
ints_isr@nral2            cstackBANK0  0043
ints_isr@process          bitbssBANK0  0350
ints_isr@upper            cstackBANK0  0041
ints_isr@valor            cstackBANK0  0054
isdigit@c                 cstackCOMMON 0071
printf@ap                 cstackBANK0  002B
printf@c                  cstackBANK0  0033
printf@f                  cstackBANK0  0030
printf@flag               cstackBANK0  002F
printf@prec               cstackBANK0  002C
printf@val                cstackBANK0  002D
printf@width              cstackBANK0  0031
putch@data                cstackCOMMON 0070
reset_vec                 reset_vec    0000
rw_eeprom@addr            cstackBANK1  00C0
rw_eeprom@data            cstackBANK1  00BE
rw_eeprom@rw              cstackBANK1  00BF
saved_w                   (abs)        007E
stackhi                   (abs)        0000
stacklo                   (abs)        0000
start                     init         0012
start_initialization      cinit        0015
wtemp0                    (abs)        007E


FUNCTION INFORMATION:

 *************** function _main *****************
 Defined at:
		line 604 in file "main.c"
 Parameters:    Size  Location     Type
		None
 Auto vars:     Size  Location     Type
		None
 Return value:  Size  Location     Type
                  1    wreg      void 
 Registers used:
		wreg, fsr0l, fsr0h, status,2, status,0, pclath, cstack
 Tracked objects:
		On entry : 
		On exit  : 
		Unchanged: 
 Data sizes:     COMMON   BANK0   BANK1   BANK3   BANK2
      Params:         0       0       0       0       0
      Locals:         0       0       0       0       0
      Temps:          0       0       2       0       0
      Totals:         0       0       2       0       0
Total ram usage:        2 bytes
 Hardware stack levels required when called:    5
 This function calls:
		_cattle_nr
		_init_timer2
		_uart_init
 This function is called by:
		Startup code after reset
 This function uses a non-reentrant model


 *************** function _uart_init *****************
 Defined at:
		line 30 in file "main.c"
 Parameters:    Size  Location     Type
		None
 Auto vars:     Size  Location     Type
		None
 Return value:  Size  Location     Type
                  1    wreg      void 
 Registers used:
		wreg, status,2
 Tracked objects:
		On entry : 
		On exit  : 
		Unchanged: 
 Data sizes:     COMMON   BANK0   BANK1   BANK3   BANK2
      Params:         0       0       0       0       0
      Locals:         0       0       0       0       0
      Temps:          0       0       0       0       0
      Totals:         0       0       0       0       0
Total ram usage:        0 bytes
 Hardware stack levels used:    1
 Hardware stack levels required when called:    3
 This function calls:
		Nothing
 This function is called by:
		_main
 This function uses a non-reentrant model


 *************** function _init_timer2 *****************
 Defined at:
		line 52 in file "main.c"
 Parameters:    Size  Location     Type
  pre             1    wreg     unsigned char 
  post            1    0[BANK1 ] unsigned char 
  eoc             1    1[BANK1 ] unsigned char 
 Auto vars:     Size  Location     Type
  pre             1    4[BANK1 ] unsigned char 
  sfr             1    5[BANK1 ] unsigned char 
 Return value:  Size  Location     Type
                  1    wreg      void 
 Registers used:
		wreg, status,2, status,0
 Tracked objects:
		On entry : 
		On exit  : 
		Unchanged: 
 Data sizes:     COMMON   BANK0   BANK1   BANK3   BANK2
      Params:         0       0       2       0       0
      Locals:         0       0       2       0       0
      Temps:          0       0       2       0       0
      Totals:         0       0       6       0       0
Total ram usage:        6 bytes
 Hardware stack levels used:    1
 Hardware stack levels required when called:    3
 This function calls:
		Nothing
 This function is called by:
		_main
 This function uses a non-reentrant model


 *************** function _cattle_nr *****************
 Defined at:
		line 136 in file "main.c"
 Parameters:    Size  Location     Type
  opt             1    wreg     unsigned char 
  cattle          2    3[BANK1 ] unsigned int 
 Auto vars:     Size  Location     Type
  opt             1    7[BANK1 ] unsigned char 
  rta             2    8[BANK1 ] unsigned int 
  dato            1   10[BANK1 ] unsigned char 
 Return value:  Size  Location     Type
                  2    3[BANK1 ] unsigned int 
 Registers used:
		wreg, fsr0l, fsr0h, status,2, status,0, pclath, cstack
 Tracked objects:
		On entry : 
		On exit  : 
		Unchanged: 
 Data sizes:     COMMON   BANK0   BANK1   BANK3   BANK2
      Params:         0       0       2       0       0
      Locals:         0       0       4       0       0
      Temps:          0       0       2       0       0
      Totals:         0       0       8       0       0
Total ram usage:        8 bytes
 Hardware stack levels used:    1
 Hardware stack levels required when called:    4
 This function calls:
		_rw_eeprom
 This function is called by:
		_main
 This function uses a non-reentrant model


 *************** function _rw_eeprom *****************
 Defined at:
		line 63 in file "main.c"
 Parameters:    Size  Location     Type
  addr            1    wreg     unsigned char 
  data            1    0[BANK1 ] unsigned char 
  rw              1    1[BANK1 ] unsigned char 
 Auto vars:     Size  Location     Type
  addr            1    2[BANK1 ] unsigned char 
 Return value:  Size  Location     Type
                  1    wreg      unsigned char 
 Registers used:
		wreg, status,2, status,0
 Tracked objects:
		On entry : 
		On exit  : 
		Unchanged: 
 Data sizes:     COMMON   BANK0   BANK1   BANK3   BANK2
      Params:         0       0       2       0       0
      Locals:         0       0       1       0       0
      Temps:          0       0       0       0       0
      Totals:         0       0       3       0       0
Total ram usage:        3 bytes
 Hardware stack levels used:    1
 Hardware stack levels required when called:    3
 This function calls:
		Nothing
 This function is called by:
		_cattle_nr
 This function uses a non-reentrant model


 *************** function _ints_isr *****************
 Defined at:
		line 168 in file "main.c"
 Parameters:    Size  Location     Type
		None
 Auto vars:     Size  Location     Type
  k               1   45[BANK0 ] unsigned char 
  k               1   44[BANK0 ] unsigned char 
  lower           2   50[BANK0 ] unsigned int 
  aux             2   47[BANK0 ] unsigned int 
  lower           2   54[BANK0 ] unsigned int 
  valor           2   52[BANK0 ] unsigned int 
  upper           2   33[BANK0 ] unsigned int 
  nral1           1   49[BANK0 ] unsigned char 
  aux             1   46[BANK0 ] unsigned char 
  garron_2u       1   41[BANK0 ] unsigned char 
  garron_2d       1   40[BANK0 ] unsigned char 
  garron_2c       1   39[BANK0 ] unsigned char 
  garron_1u       1   38[BANK0 ] unsigned char 
  garron_1d       1   37[BANK0 ] unsigned char 
  garron_1c       1   36[BANK0 ] unsigned char 
  nral2           1   35[BANK0 ] unsigned char 
  drop            1   32[BANK0 ] unsigned char 
 Return value:  Size  Location     Type
                  1    wreg      void 
 Registers used:
		wreg, fsr0l, fsr0h, status,2, status,0, btemp+1, pclath, cstack
 Tracked objects:
		On entry : 
		On exit  : 
		Unchanged: 
 Data sizes:     COMMON   BANK0   BANK1   BANK3   BANK2
      Params:         0       0       0       0       0
      Locals:         0      24       0       0       0
      Temps:          0      12       0       0       0
      Totals:         0      36       0       0       0
Total ram usage:       36 bytes
 Hardware stack levels used:    1
 Hardware stack levels required when called:    2
 This function calls:
		___lwdiv
		___wmul
		_display
		_printf
		i1_cattle_nr
 This function is called by:
		Interrupt level 1
 This function uses a non-reentrant model


 *************** function i1_cattle_nr *****************
 Defined at:
		line 136 in file "main.c"
 Parameters:    Size  Location     Type
  opt             1    wreg     unsigned char 
  cattle          2    3[COMMON] unsigned int 
 Auto vars:     Size  Location     Type
  opt             1    7[COMMON] unsigned char 
  cattle_nr       2    8[COMMON] unsigned int 
  cattle_nr       1   10[COMMON] unsigned char 
 Return value:  Size  Location     Type
                  2    3[COMMON] unsigned int 
 Registers used:
		wreg, fsr0l, fsr0h, status,2, status,0, pclath, cstack
 Tracked objects:
		On entry : 
		On exit  : 
		Unchanged: 
 Data sizes:     COMMON   BANK0   BANK1   BANK3   BANK2
      Params:         2       0       0       0       0
      Locals:         4       0       0       0       0
      Temps:          2       0       0       0       0
      Totals:         8       0       0       0       0
Total ram usage:        8 bytes
 Hardware stack levels used:    1
 Hardware stack levels required when called:    1
 This function calls:
		i1_rw_eeprom
 This function is called by:
		_ints_isr
 This function uses a non-reentrant model


 *************** function i1_rw_eeprom *****************
 Defined at:
		line 63 in file "main.c"
 Parameters:    Size  Location     Type
  addr            1    wreg     unsigned char 
  data            1    0[COMMON] unsigned char 
  rw              1    1[COMMON] unsigned char 
 Auto vars:     Size  Location     Type
  addr            1    2[COMMON] unsigned char 
 Return value:  Size  Location     Type
                  1    wreg      unsigned char 
 Registers used:
		wreg, status,2, status,0
 Tracked objects:
		On entry : 
		On exit  : 
		Unchanged: 
 Data sizes:     COMMON   BANK0   BANK1   BANK3   BANK2
      Params:         2       0       0       0       0
      Locals:         1       0       0       0       0
      Temps:          0       0       0       0       0
      Totals:         3       0       0       0       0
Total ram usage:        3 bytes
 Hardware stack levels used:    1
 This function calls:
		Nothing
 This function is called by:
		i1_cattle_nr
 This function uses a non-reentrant model


 *************** function _printf *****************
 Defined at:
		line 464 in file "C:\Program Files (x86)\Microchip\xc8\v1.45\sources\common\doprnt.c"
 Parameters:    Size  Location     Type
  f               1    wreg     PTR const unsigned char 
		 -> STR_1(6), 
 Auto vars:     Size  Location     Type
  f               1   16[BANK0 ] PTR const unsigned char 
		 -> STR_1(6), 
  tmpval          4    0        struct .
  width           2   17[BANK0 ] int 
  val             2   13[BANK0 ] unsigned int 
  cp              2    0        PTR const unsigned char 
  len             2    0        unsigned int 
  c               1   19[BANK0 ] char 
  flag            1   15[BANK0 ] unsigned char 
  prec            1   12[BANK0 ] char 
  ap              1   11[BANK0 ] PTR void [1]
		 -> ?_printf(2), 
 Return value:  Size  Location     Type
                  2    6[BANK0 ] int 
 Registers used:
		wreg, fsr0l, fsr0h, status,2, status,0, btemp+1, pclath, cstack
 Tracked objects:
		On entry : 
		On exit  : 
		Unchanged: 
 Data sizes:     COMMON   BANK0   BANK1   BANK3   BANK2
      Params:         0       2       0       0       0
      Locals:         0       9       0       0       0
      Temps:          0       3       0       0       0
      Totals:         0      14       0       0       0
Total ram usage:       14 bytes
 Hardware stack levels used:    1
 Hardware stack levels required when called:    1
 This function calls:
		___lwdiv
		___lwmod
		___wmul
		_isdigit
		_putch
 This function is called by:
		_ints_isr
 This function uses a non-reentrant model


 *************** function _putch *****************
 Defined at:
		line 46 in file "main.c"
 Parameters:    Size  Location     Type
  data            1    wreg     unsigned char 
 Auto vars:     Size  Location     Type
  data            1    0[COMMON] unsigned char 
 Return value:  Size  Location     Type
                  1    wreg      void 
 Registers used:
		wreg
 Tracked objects:
		On entry : 
		On exit  : 
		Unchanged: 
 Data sizes:     COMMON   BANK0   BANK1   BANK3   BANK2
      Params:         0       0       0       0       0
      Locals:         1       0       0       0       0
      Temps:          0       0       0       0       0
      Totals:         1       0       0       0       0
Total ram usage:        1 bytes
 Hardware stack levels used:    1
 This function calls:
		Nothing
 This function is called by:
		_printf
 This function uses a non-reentrant model


 *************** function _isdigit *****************
 Defined at:
		line 8 in file "C:\Program Files (x86)\Microchip\xc8\v1.45\sources\common\isdigit.c"
 Parameters:    Size  Location     Type
  c               1    wreg     unsigned char 
 Auto vars:     Size  Location     Type
  c               1    1[COMMON] unsigned char 
 Return value:  Size  Location     Type
		None               void
 Registers used:
		wreg, status,2, status,0
 Tracked objects:
		On entry : 
		On exit  : 
		Unchanged: 
 Data sizes:     COMMON   BANK0   BANK1   BANK3   BANK2
      Params:         0       0       0       0       0
      Locals:         2       0       0       0       0
      Temps:          0       0       0       0       0
      Totals:         2       0       0       0       0
Total ram usage:        2 bytes
 Hardware stack levels used:    1
 This function calls:
		Nothing
 This function is called by:
		_printf
 This function uses a non-reentrant model


 *************** function ___wmul *****************
 Defined at:
		line 15 in file "C:\Program Files (x86)\Microchip\xc8\v1.45\sources\common\Umul16.c"
 Parameters:    Size  Location     Type
  multiplier      2    0[COMMON] unsigned int 
  multiplicand    2    2[COMMON] unsigned int 
 Auto vars:     Size  Location     Type
  product         2    4[COMMON] unsigned int 
 Return value:  Size  Location     Type
                  2    0[COMMON] unsigned int 
 Registers used:
		wreg, status,2, status,0
 Tracked objects:
		On entry : 
		On exit  : 
		Unchanged: 
 Data sizes:     COMMON   BANK0   BANK1   BANK3   BANK2
      Params:         4       0       0       0       0
      Locals:         2       0       0       0       0
      Temps:          0       0       0       0       0
      Totals:         6       0       0       0       0
Total ram usage:        6 bytes
 Hardware stack levels used:    1
 This function calls:
		Nothing
 This function is called by:
		_ints_isr
		_printf
 This function uses a non-reentrant model


 *************** function ___lwmod *****************
 Defined at:
		line 6 in file "C:\Program Files (x86)\Microchip\xc8\v1.45\sources\common\lwmod.c"
 Parameters:    Size  Location     Type
  divisor         2    0[BANK0 ] unsigned int 
  dividend        2    2[BANK0 ] unsigned int 
 Auto vars:     Size  Location     Type
  counter         1    5[BANK0 ] unsigned char 
 Return value:  Size  Location     Type
                  2    0[BANK0 ] unsigned int 
 Registers used:
		wreg, status,2, status,0
 Tracked objects:
		On entry : 
		On exit  : 
		Unchanged: 
 Data sizes:     COMMON   BANK0   BANK1   BANK3   BANK2
      Params:         0       4       0       0       0
      Locals:         0       1       0       0       0
      Temps:          0       1       0       0       0
      Totals:         0       6       0       0       0
Total ram usage:        6 bytes
 Hardware stack levels used:    1
 This function calls:
		Nothing
 This function is called by:
		_printf
 This function uses a non-reentrant model


 *************** function ___lwdiv *****************
 Defined at:
		line 6 in file "C:\Program Files (x86)\Microchip\xc8\v1.45\sources\common\lwdiv.c"
 Parameters:    Size  Location     Type
  divisor         2    6[COMMON] unsigned int 
  dividend        2    8[COMMON] unsigned int 
 Auto vars:     Size  Location     Type
  quotient        2   11[COMMON] unsigned int 
  counter         1   13[COMMON] unsigned char 
 Return value:  Size  Location     Type
                  2    6[COMMON] unsigned int 
 Registers used:
		wreg, status,2, status,0
 Tracked objects:
		On entry : 
		On exit  : 
		Unchanged: 
 Data sizes:     COMMON   BANK0   BANK1   BANK3   BANK2
      Params:         4       0       0       0       0
      Locals:         3       0       0       0       0
      Temps:          1       0       0       0       0
      Totals:         8       0       0       0       0
Total ram usage:        8 bytes
 Hardware stack levels used:    1
 This function calls:
		Nothing
 This function is called by:
		_ints_isr
		_printf
 This function uses a non-reentrant model


 *************** function _display *****************
 Defined at:
		line 85 in file "main.c"
 Parameters:    Size  Location     Type
		None
 Auto vars:     Size  Location     Type
		None
 Return value:  Size  Location     Type
                  1    wreg      void 
 Registers used:
		wreg, fsr0l, fsr0h, status,2, status,0
 Tracked objects:
		On entry : 
		On exit  : 
		Unchanged: 
 Data sizes:     COMMON   BANK0   BANK1   BANK3   BANK2
      Params:         0       0       0       0       0
      Locals:         0       0       0       0       0
      Temps:          0       0       0       0       0
      Totals:         0       0       0       0       0
Total ram usage:        0 bytes
 Hardware stack levels used:    1
 This function calls:
		Nothing
 This function is called by:
		_ints_isr
 This function uses a non-reentrant model



MODULE INFORMATION

Module		Function		Class		Link	Load	Size
C:\Program Files (x86)\Microchip\xc8\v1.45\sources\common\doprnt.c
		_printf        		CODE           	0E6A	0000	407

C:\Program Files (x86)\Microchip\xc8\v1.45\sources\common\doprnt.c estimated size: 407

C:\Program Files (x86)\Microchip\xc8\v1.45\sources\common\Umul16.c
		___wmul        		CODE           	0AFD	0000	34

C:\Program Files (x86)\Microchip\xc8\v1.45\sources\common\Umul16.c estimated size: 34

C:\Program Files (x86)\Microchip\xc8\v1.45\sources\common\isdigit.c
		_isdigit       		CODE           	0AD7	0000	15

C:\Program Files (x86)\Microchip\xc8\v1.45\sources\common\isdigit.c estimated size: 15

C:\Program Files (x86)\Microchip\xc8\v1.45\sources\common\lwmod.c
		___lwmod       		CODE           	0B9C	0000	53

C:\Program Files (x86)\Microchip\xc8\v1.45\sources\common\lwmod.c estimated size: 53

shared
		__stringtab    		STRING         	0800	0000	7
		_swBot         		STRING         	0811	0000	2
		_dpowers       		STRING         	0806	0000	11
		_swTop         		STRING         	0810	0000	2
		i1_rw_eeprom   		CODE           	0B1E	0000	39
		i1_cattle_nr   		CODE           	0C0C	0000	161
		__initialization		CODE           	0015	0000	23

shared estimated size: 245

C:\Program Files (x86)\Microchip\xc8\v1.45\sources\common\lwdiv.c
		___lwdiv       		CODE           	0BD0	0000	61

C:\Program Files (x86)\Microchip\xc8\v1.45\sources\common\lwdiv.c estimated size: 61

main.c
		_ints_isr      		CODE           	002F	0000	1926
		_display       		CODE           	07B4	0000	73
		_putch         		CODE           	0AC7	0000	9
		_main          		CODE           	0D5E	0000	269
		_uart_init     		CODE           	0AE5	0000	25
		_init_timer2   		CODE           	0B44	0000	43
		_cattle_nr     		CODE           	0CAC	0000	179
		_rw_eeprom     		CODE           	0B6E	0000	47

main.c estimated size: 2571

