Microchip MPLAB XC8 Compiler V1.45 ()

Linker command line:

-W-3 --edf=C:\Program Files (x86)\Microchip\xc8\v1.45\dat\en_msgs.txt -cs \
  -h+dist/default/debug\pic16f886.X.debug.sym \
  --cmf=dist/default/debug\pic16f886.X.debug.cmf -z -Q16F886 \
  -oC:\Users\HSAINT~1\AppData\Local\Temp\sf5k.2 \
  -Mdist/default/debug/pic16f886.X.debug.map -E1 -ver=XC8 \
  -ASTACK=0110h-016fh -pstack=STACK -ACODE=00h-07FFhx3,01800h-01EFFh \
  -ASTRCODE=00h-01EFFh -ASTRING=00h-0FFhx31 -ACONST=00h-0FFhx31 \
  -AENTRY=00h-0FFhx31 -ACOMMON=071h-07Fh -ABANK0=020h-06Fh \
  -ABANK1=0A0h-0EFh -ABANK2=0110h-016Fh -ABANK3=0190h-01E4h \
  -ARAM=020h-06Fh,0A0h-0EFh,0110h-016Fh,0190h-01E4h \
  -AABS1=020h-07Fh,0A0h-0EFh,0110h-016Fh,0190h-01EFh -ASFR0=00h-01Fh \
  -ASFR1=080h-09Fh -ASFR2=0100h-010Fh -ASFR3=0180h-018Fh \
  -preset_vec=00h,intentry=04h,init,end_init -ppowerup=CODE -pcinit=CODE \
  -pfunctab=ENTRY -ACONFIG=02007h-02008h -pconfig=CONFIG -DCONFIG=2 \
  -AIDLOC=02000h-02003h -pidloc=IDLOC -DIDLOC=2 -AEEDATA=00h-0FFh/02100h \
  -peeprom_data=EEDATA -DEEDATA=2 -DCODE=2 -DSTRCODE=2 -DSTRING=2 -DCONST=2 \
  -DENTRY=2 -k C:\Users\HSAINT~1\AppData\Local\Temp\sf5k.obj \
  dist/default/debug\pic16f886.X.debug.obj 

Object code version is 3.11

Machine type is 16F886



                Name                               Link     Load   Length Selector   Space Scale
C:\Users\HSAINT~1\AppData\Local\Temp\sf5k.obj
                end_init                             12       12        3        8       0
                reset_vec                             0        0        4        0       0
                config                             2007     2007        2     400E       0
dist/default/debug\pic16f886.X.debug.obj
                cinit                               7E7      7E7       19      FCE       0
                intentry                              4        4        E        8       0
                text15                              235      235       11      46A       0
                text14                              25E      25E       21      4BC       0
                text13                              227      227        E      44E       0
                text12                              3AF      3AF       71      75E       0
                text11                              2A3      2A3       2A      546       0
                text10                              335      335       3C      66A       0
                text9                               2CD      2CD       34      59A       0
                text8                               20A      20A        8      414       0
                text7                               420      420       C9      840       0
                text6                               5B4      5B4      233      B68       0
                text5                               371      371       3E      6E2       0
                text4                               301      301       34      602       0
                text3                               21A      21A        D      434       0
                text2                               4E9      4E9       CB      9D2       0
                text1                               246      246       18      48C       0
                maintext                            27F      27F       24      4FE       0
                cstackBANK0                          20       20       3B       20       1
                cstackCOMMON                         71       71        D       71       1
                cstackBANK1                          A0       A0       1B       A0       1
                clrtext                             212      212        8      424       0
                bssBANK1                             BB       BB       12       A0       1
                dataBANK0                            68       68        1       20       1
                bssBANK0                             5B       5B        D       20       1
                strings                              15       15       1D       2A       0
                idataBANK0                          209      209        1      412       0

TOTAL           Name                               Link     Load   Length     Space
        CLASS   STACK          

        CLASS   CODE           
                end_init                             12       12        3         0
                cinit                               7E7      7E7       19         0
                intentry                              4        4        E         0
                reset_vec                             0        0        4         0
                text15                              235      235       11         0
                text14                              25E      25E       21         0
                text13                              227      227        E         0
                text12                              3AF      3AF       71         0
                text11                              2A3      2A3       2A         0
                text10                              335      335       3C         0
                text9                               2CD      2CD       34         0
                text8                               20A      20A        8         0
                text7                               420      420       C9         0
                text6                               5B4      5B4      233         0
                text5                               371      371       3E         0
                text4                               301      301       34         0
                text3                               21A      21A        D         0
                text2                               4E9      4E9       CB         0
                text1                               246      246       18         0
                maintext                            27F      27F       24         0
                clrtext                             212      212        8         0
                idataBANK0                          209      209        1         0

        CLASS   STRCODE        

        CLASS   STRING         
                strings                              15       15       1D         0

        CLASS   CONST          

        CLASS   ENTRY          

        CLASS   COMMON         
                cstackCOMMON                         71       71        D         1

        CLASS   BANK0          
                cstackBANK0                          20       20       3B         1
                dataBANK0                            68       68        1         1
                bssBANK0                             5B       5B        D         1

        CLASS   BANK1          
                cstackBANK1                          A0       A0       1B         1
                bssBANK1                             BB       BB       12         1

        CLASS   BANK2          

        CLASS   BANK3          

        CLASS   RAM            

        CLASS   ABS1           
                abs_s1                               7E       7E        2         1

        CLASS   SFR0           

        CLASS   SFR1           

        CLASS   SFR2           

        CLASS   SFR3           

        CLASS   CONFIG         
                config                             2007     2007        2         0

        CLASS   IDLOC          

        CLASS   EEDATA         



SEGMENTS        Name                           Load    Length   Top    Selector   Space  Class     Delta

                reset_vec                      000000  000004  000004         0       0  CODE        2
                intentry                       000004  000011  000015         8       0  CODE        2
                cstackBANK0                    000020  000049  000069        20       1  BANK0       1
                strings                        000015  00001D  000032        2A       0  STRING      2
                cstackCOMMON                   000071  00000D  00007E        71       1  COMMON      1
                cstackBANK1                    0000A0  00002D  0000CD        A0       1  BANK1       1
                idataBANK0                     000209  000001  00020A       412       0  CODE        2
                text8                          00020A  000008  000212       414       0  CODE        2
                clrtext                        000212  000008  00021A       424       0  CODE        2
                text3                          00021A  00000D  000227       434       0  CODE        2
                text13                         000227  00000E  000235       44E       0  CODE        2
                text15                         000235  000011  000246       46A       0  CODE        2
                text1                          000246  000018  00025E       48C       0  CODE        2
                text14                         00025E  000021  00027F       4BC       0  CODE        2
                maintext                       00027F  000024  0002A3       4FE       0  CODE        2
                text11                         0002A3  00002A  0002CD       546       0  CODE        2
                text9                          0002CD  000034  000301       59A       0  CODE        2
                text4                          000301  000034  000335       602       0  CODE        2
                text10                         000335  00003C  000371       66A       0  CODE        2
                text5                          000371  00003E  0003AF       6E2       0  CODE        2
                text12                         0003AF  000071  000420       75E       0  CODE        2
                text7                          000420  0000C9  0004E9       840       0  CODE        2
                text2                          0004E9  0000CB  0005B4       9D2       0  CODE        2
                text6                          0005B4  000233  0007E7       B68       0  CODE        2
                cinit                          0007E7  000019  000800       FCE       0  CODE        2
                config                         002007  000002  002009      400E       0  CONFIG      2


UNUSED ADDRESS RANGES

        Name                Unused          Largest block    Delta
        BANK0            0069-006F              7           1
        BANK1            00CD-00EF             23           1
        BANK2            0110-016F             60           1
        BANK3            0190-01E4             55           1
        CODE             0032-0208            1D7           2
                         0800-1EFF            800
        CONST            0032-0208            100           2
                         0800-1EFF            100
        EEDATA           2100-21FF            100           2
        ENTRY            0032-0208            100           2
                         0800-1EFF            100
        IDLOC            2000-2003              4           2
        RAM              0069-006F              7           1
                         00CD-00EF             23
                         0110-016F             60
                         0190-01E4             55
        SFR0             0000-001F             20           1
        SFR1             0080-009F             20           1
        SFR2             0100-010F             10           1
        SFR3             0180-018F             10           1
        STACK            0110-016F             60           1
        STRCODE          0032-0208            1D7           2
                         0800-1EFF           1700
        STRING           0032-0208            100           2
                         0800-1EFF            100

                                  Symbol Table

?___lwdiv                 cstackBANK1  00A0
?___lwmod                 cstackBANK1  00A8
?___wmul                  cstackCOMMON 0071
?_atoi                    cstackCOMMON 0077
?_printf                  cstackCOMMON 0071
?i1___lwdiv               cstackCOMMON 0071
?i1___lwmod               cstackCOMMON 0079
?i1_printf                cstackBANK0  0021
_ANSEL                    (abs)        0188
_ANSELH                   (abs)        0189
_BAUDCTLbits              (abs)        0187
_INTCON                   (abs)        000B
_OSCCON                   (abs)        008F
_PIE1bits                 (abs)        008C
_PIR1bits                 (abs)        000C
_RCREG                    (abs)        001A
_RCSTAbits                (abs)        0018
_SPBRG                    (abs)        0099
_SPBRGH                   (abs)        009A
_TXREG                    (abs)        0019
_TXSTAbits                (abs)        0098
__CFG_BOR4V$BOR40V        (abs)        0000
__CFG_BOREN$ON            (abs)        0000
__CFG_CP$OFF              (abs)        0000
__CFG_CPD$OFF             (abs)        0000
__CFG_FCMEN$ON            (abs)        0000
__CFG_FOSC$INTRC_NOCLKOUT (abs)        0000
__CFG_IESO$ON             (abs)        0000
__CFG_LVP$OFF             (abs)        0000
__CFG_MCLRE$ON            (abs)        0000
__CFG_PWRTE$OFF           (abs)        0000
__CFG_WDTE$OFF            (abs)        0000
__CFG_WRT$OFF             (abs)        0000
__Habs1                   abs1         0000
__Hbank0                  bank0        0000
__Hbank1                  bank1        0000
__Hbank2                  bank2        0000
__Hbank3                  bank3        0000
__HbssBANK0               bssBANK0     0000
__HbssBANK1               bssBANK1     0000
__Hcinit                  cinit        0800
__Hclrtext                clrtext      0000
__Hcode                   code         0000
__Hcommon                 common       0000
__Hconfig                 config       2009
__HcstackBANK0            cstackBANK0  0000
__HcstackBANK1            cstackBANK1  0000
__HcstackCOMMON           cstackCOMMON 0000
__HdataBANK0              dataBANK0    0000
__Heeprom_data            eeprom_data  0000
__Hend_init               end_init     0015
__Hfunctab                functab      0000
__HidataBANK0             idataBANK0   0000
__Hidloc                  idloc        0000
__Hinit                   init         0012
__Hintentry               intentry     0012
__Hmaintext               maintext     0000
__Hpowerup                powerup      0000
__Hram                    ram          0000
__Hreset_vec              reset_vec    0004
__Hsfr0                   sfr0         0000
__Hsfr1                   sfr1         0000
__Hsfr2                   sfr2         0000
__Hsfr3                   sfr3         0000
__Hspace_0                (abs)        2009
__Hspace_1                (abs)        00CD
__Hspace_2                (abs)        0000
__Hspace_3                (abs)        0000
__Hstack                  stack        0000
__Hstrings                strings      0000
__Htext                   text         0000
__Labs1                   abs1         0000
__Lbank0                  bank0        0000
__Lbank1                  bank1        0000
__Lbank2                  bank2        0000
__Lbank3                  bank3        0000
__LbssBANK0               bssBANK0     0000
__LbssBANK1               bssBANK1     0000
__Lcinit                  cinit        07E7
__Lclrtext                clrtext      0000
__Lcode                   code         0000
__Lcommon                 common       0000
__Lconfig                 config       2007
__LcstackBANK0            cstackBANK0  0000
__LcstackBANK1            cstackBANK1  0000
__LcstackCOMMON           cstackCOMMON 0000
__LdataBANK0              dataBANK0    0000
__Leeprom_data            eeprom_data  0000
__Lend_init               end_init     0012
__Lfunctab                functab      0000
__LidataBANK0             idataBANK0   0000
__Lidloc                  idloc        0000
__Linit                   init         0012
__Lintentry               intentry     0004
__Lmaintext               maintext     0000
__Lpowerup                powerup      0000
__Lram                    ram          0000
__Lreset_vec              reset_vec    0000
__Lsfr0                   sfr0         0000
__Lsfr1                   sfr1         0000
__Lsfr2                   sfr2         0000
__Lsfr3                   sfr3         0000
__Lspace_0                (abs)        0000
__Lspace_1                (abs)        0000
__Lspace_2                (abs)        0000
__Lspace_3                (abs)        0000
__Lstack                  stack        0000
__Lstrings                strings      0000
__Ltext                   text         0000
__S0                      (abs)        2009
__S1                      (abs)        00CD
__S2                      (abs)        0000
__S3                      (abs)        0000
___bmul                   text15       0235
___bmul@multiplicand      cstackCOMMON 0071
___bmul@multiplier        cstackCOMMON 0074
___bmul@product           cstackCOMMON 0073
___int_sp                 stack        0000
___latbits                (abs)        0002
___lwdiv                  text5        0371
___lwdiv@counter          cstackBANK1  00A7
___lwdiv@dividend         cstackBANK1  00A2
___lwdiv@divisor          cstackBANK1  00A0
___lwdiv@quotient         cstackBANK1  00A5
___lwmod                  text4        0301
___lwmod@counter          cstackBANK1  00AD
___lwmod@dividend         cstackBANK1  00AA
___lwmod@divisor          cstackBANK1  00A8
___sp                     stack        0000
___wmul                   text14       025E
___wmul@multiplicand      cstackCOMMON 0073
___wmul@multiplier        cstackCOMMON 0071
___wmul@product           cstackCOMMON 0075
__end_of___bmul           text15       0246
__end_of___lwdiv          text5        03AF
__end_of___lwmod          text4        0335
__end_of___wmul           text14       027F
__end_of__initialization  cinit        07FC
__end_of__stringtab       strings      001B
__end_of_atoi             text12       0420
__end_of_dpowers          strings      0025
__end_of_ints_isr         text6        07E7
__end_of_isdigit          text13       0235
__end_of_main             maintext     02A3
__end_of_memcpy           text11       02CD
__end_of_printf           text2        05B4
__end_of_putch            text3        0227
__end_of_uart_init        text1        025E
__end_ofi1___lwdiv        text10       0371
__end_ofi1___lwmod        text9        0301
__end_ofi1_printf         text7        04E9
__end_ofi1_putch          text8        0212
__initialization          cinit        07E7
__pbssBANK0               bssBANK0     005B
__pbssBANK1               bssBANK1     00BB
__pcstackBANK0            cstackBANK0  0020
__pcstackBANK1            cstackBANK1  00A0
__pcstackCOMMON           cstackCOMMON 0071
__pdataBANK0              dataBANK0    0068
__pidataBANK0             idataBANK0   0209
__pintentry               intentry     0004
__pmaintext               maintext     027F
__pstrings                strings      0015
__ptext1                  text1        0246
__ptext10                 text10       0335
__ptext11                 text11       02A3
__ptext12                 text12       03AF
__ptext13                 text13       0227
__ptext14                 text14       025E
__ptext15                 text15       0235
__ptext2                  text2        04E9
__ptext3                  text3        021A
__ptext4                  text4        0301
__ptext5                  text5        0371
__ptext6                  text6        05B4
__ptext7                  text7        0420
__ptext8                  text8        020A
__ptext9                  text9        02CD
__size_of___bmul          (abs)        0000
__size_of___lwdiv         (abs)        0000
__size_of___lwmod         (abs)        0000
__size_of___wmul          (abs)        0000
__size_of_atoi            (abs)        0000
__size_of_ints_isr        (abs)        0000
__size_of_isdigit         (abs)        0000
__size_of_main            (abs)        0000
__size_of_memcpy          (abs)        0000
__size_of_printf          (abs)        0000
__size_of_putch           (abs)        0000
__size_of_uart_init       (abs)        0000
__size_ofi1___lwdiv       (abs)        0000
__size_ofi1___lwmod       (abs)        0000
__size_ofi1_printf        (abs)        0000
__size_ofi1_putch         (abs)        0000
__stringbase              strings      001A
__stringtab               strings      0015
_accuValor                bssBANK0     0061
_atoi                     text12       03AF
_dpowers                  strings      001B
_ints_isr                 text6        05B4
_isdigit                  text13       0227
_isdigit$485              cstackCOMMON 0071
_j                        bssBANK0     0067
_main                     maintext     027F
_memcpy                   text11       02A3
_outC                     bssBANK0     0066
_outD                     bssBANK0     0065
_outU                     bssBANK0     0064
_printf                   text2        04E9
_putch                    text3        021A
_res                      dataBANK0    0068
_uart_init                text1        0246
atoi@a                    cstackBANK0  0021
atoi@s                    cstackBANK0  0023
atoi@sign                 cstackBANK0  0020
btemp                     (abs)        007E
clear_ram0                clrtext      0212
end_of_initialization     cinit        07FC
i1___lwdiv                text10       0335
i1___lwdiv@counter        cstackCOMMON 0078
i1___lwdiv@dividend       cstackCOMMON 0073
i1___lwdiv@divisor        cstackCOMMON 0071
i1___lwdiv@quotient       cstackCOMMON 0076
i1___lwmod                text9        02CD
i1___lwmod@counter        cstackBANK0  0020
i1___lwmod@dividend       cstackCOMMON 007B
i1___lwmod@divisor        cstackCOMMON 0079
i1_printf                 text7        0420
i1_putch                  text8        020A
i1printf@ap               cstackBANK0  0027
i1printf@c                cstackBANK0  002C
i1printf@f                cstackBANK0  0026
i1printf@flag             cstackBANK0  0028
i1printf@prec             cstackBANK0  0029
i1printf@val              cstackBANK0  002A
i1putch@data              cstackCOMMON 0071
interrupt_function        intentry     0004
intlevel0                 functab      0000
intlevel1                 functab      0000
intlevel2                 functab      0000
intlevel3                 functab      0000
intlevel4                 functab      0000
intlevel5                 functab      0000
ints_isr@F1837            bssBANK1     00BB
ints_isr@F1839            bssBANK0     005B
ints_isr@data             cstackBANK0  003A
ints_isr@garron_1c        cstackBANK0  0059
ints_isr@garron_1d        cstackBANK0  0056
ints_isr@garron_1u        cstackBANK0  0052
ints_isr@garron_2c        cstackBANK0  005A
ints_isr@garron_2d        cstackBANK0  0057
ints_isr@garron_2u        cstackBANK0  0053
ints_isr@i                cstackBANK0  0058
ints_isr@peso             cstackBANK0  004C
ints_isr@valor            cstackBANK0  0054
isdigit@c                 cstackCOMMON 0072
memcpy@d                  cstackCOMMON 0077
memcpy@d1                 cstackCOMMON 0076
memcpy@n                  cstackCOMMON 0072
memcpy@s                  cstackCOMMON 0078
memcpy@s1                 cstackCOMMON 0071
memcpy@tmp                cstackCOMMON 0075
printf@ap                 cstackBANK1  00B1
printf@c                  cstackBANK1  00B7
printf@f                  cstackBANK1  00B4
printf@flag               cstackBANK1  00B2
printf@prec               cstackBANK1  00B3
printf@val                cstackBANK1  00B5
putch@data                cstackBANK1  00A0
reset_vec                 reset_vec    0000
saved_w                   (abs)        007E
stackhi                   (abs)        0000
stacklo                   (abs)        0000
start                     init         0012
start_initialization      cinit        07E7
wtemp0                    (abs)        007E


FUNCTION INFORMATION:

 *************** function _main *****************
 Defined at:
		line 113 in file "main.c"
 Parameters:    Size  Location     Type
		None
 Auto vars:     Size  Location     Type
		None
 Return value:  Size  Location     Type
                  1    wreg      void 
 Registers used:
		wreg, fsr0l, fsr0h, status,2, status,0, btemp+1, pclath, cstack
 Tracked objects:
		On entry : 
		On exit  : 
		Unchanged: 
 Data sizes:     COMMON   BANK0   BANK1   BANK3   BANK2
      Params:         0       0       0       0       0
      Locals:         0       0       0       0       0
      Temps:          0       0       3       0       0
      Totals:         0       0       3       0       0
Total ram usage:        3 bytes
 Hardware stack levels required when called:    5
 This function calls:
		_printf
		_uart_init
 This function is called by:
		Startup code after reset
 This function uses a non-reentrant model


 *************** function _uart_init *****************
 Defined at:
		line 20 in file "main.c"
 Parameters:    Size  Location     Type
		None
 Auto vars:     Size  Location     Type
		None
 Return value:  Size  Location     Type
                  1    wreg      void 
 Registers used:
		wreg, status,2
 Tracked objects:
		On entry : 
		On exit  : 
		Unchanged: 
 Data sizes:     COMMON   BANK0   BANK1   BANK3   BANK2
      Params:         0       0       0       0       0
      Locals:         0       0       0       0       0
      Temps:          0       0       0       0       0
      Totals:         0       0       0       0       0
Total ram usage:        0 bytes
 Hardware stack levels used:    1
 Hardware stack levels required when called:    3
 This function calls:
		Nothing
 This function is called by:
		_main
 This function uses a non-reentrant model


 *************** function _printf *****************
 Defined at:
		line 464 in file "C:\Program Files (x86)\Microchip\xc8\v1.45\sources\common\doprnt.c"
 Parameters:    Size  Location     Type
  f               1    wreg     PTR const unsigned char 
		 -> STR_2(8), STR_1(5), 
 Auto vars:     Size  Location     Type
  f               1   20[BANK1 ] PTR const unsigned char 
		 -> STR_2(8), STR_1(5), 
  tmpval          4    0        struct .
  val             2   21[BANK1 ] unsigned int 
  cp              2    0        PTR const unsigned char 
  len             2    0        unsigned int 
  c               1   23[BANK1 ] char 
  prec            1   19[BANK1 ] char 
  flag            1   18[BANK1 ] unsigned char 
  ap              1   17[BANK1 ] PTR void [1]
		 -> ?i1_printf(2), ?_printf(2), 
 Return value:  Size  Location     Type
                  2   24[None  ] int 
 Registers used:
		wreg, fsr0l, fsr0h, status,2, status,0, btemp+1, pclath, cstack
 Tracked objects:
		On entry : 
		On exit  : 
		Unchanged: 
 Data sizes:     COMMON   BANK0   BANK1   BANK3   BANK2
      Params:         0       0       0       0       0
      Locals:         0       0       7       0       0
      Temps:          0       0       3       0       0
      Totals:         0       0      10       0       0
Total ram usage:       10 bytes
 Hardware stack levels used:    1
 Hardware stack levels required when called:    4
 This function calls:
		___lwdiv
		___lwmod
		_putch
 This function is called by:
		_main
 This function uses a non-reentrant model


 *************** function _putch *****************
 Defined at:
		line 34 in file "main.c"
 Parameters:    Size  Location     Type
  data            1    wreg     unsigned char 
 Auto vars:     Size  Location     Type
  data            1    0[BANK1 ] unsigned char 
 Return value:  Size  Location     Type
                  1    wreg      void 
 Registers used:
		wreg
 Tracked objects:
		On entry : 
		On exit  : 
		Unchanged: 
 Data sizes:     COMMON   BANK0   BANK1   BANK3   BANK2
      Params:         0       0       0       0       0
      Locals:         0       0       1       0       0
      Temps:          0       0       0       0       0
      Totals:         0       0       1       0       0
Total ram usage:        1 bytes
 Hardware stack levels used:    1
 Hardware stack levels required when called:    3
 This function calls:
		Nothing
 This function is called by:
		_printf
 This function uses a non-reentrant model


 *************** function ___lwmod *****************
 Defined at:
		line 6 in file "C:\Program Files (x86)\Microchip\xc8\v1.45\sources\common\lwmod.c"
 Parameters:    Size  Location     Type
  divisor         2    8[BANK1 ] unsigned int 
  dividend        2   10[BANK1 ] unsigned int 
 Auto vars:     Size  Location     Type
  counter         1   13[BANK1 ] unsigned char 
 Return value:  Size  Location     Type
                  2    8[BANK1 ] unsigned int 
 Registers used:
		wreg, status,2, status,0
 Tracked objects:
		On entry : 
		On exit  : 
		Unchanged: 
 Data sizes:     COMMON   BANK0   BANK1   BANK3   BANK2
      Params:         0       0       4       0       0
      Locals:         0       0       1       0       0
      Temps:          0       0       1       0       0
      Totals:         0       0       6       0       0
Total ram usage:        6 bytes
 Hardware stack levels used:    1
 Hardware stack levels required when called:    3
 This function calls:
		Nothing
 This function is called by:
		_printf
 This function uses a non-reentrant model


 *************** function ___lwdiv *****************
 Defined at:
		line 6 in file "C:\Program Files (x86)\Microchip\xc8\v1.45\sources\common\lwdiv.c"
 Parameters:    Size  Location     Type
  divisor         2    0[BANK1 ] unsigned int 
  dividend        2    2[BANK1 ] unsigned int 
 Auto vars:     Size  Location     Type
  quotient        2    5[BANK1 ] unsigned int 
  counter         1    7[BANK1 ] unsigned char 
 Return value:  Size  Location     Type
                  2    0[BANK1 ] unsigned int 
 Registers used:
		wreg, status,2, status,0
 Tracked objects:
		On entry : 
		On exit  : 
		Unchanged: 
 Data sizes:     COMMON   BANK0   BANK1   BANK3   BANK2
      Params:         0       0       4       0       0
      Locals:         0       0       3       0       0
      Temps:          0       0       1       0       0
      Totals:         0       0       8       0       0
Total ram usage:        8 bytes
 Hardware stack levels used:    1
 Hardware stack levels required when called:    3
 This function calls:
		Nothing
 This function is called by:
		_printf
 This function uses a non-reentrant model


 *************** function _ints_isr *****************
 Defined at:
		line 40 in file "main.c"
 Parameters:    Size  Location     Type
		None
 Auto vars:     Size  Location     Type
  data           18   26[BANK0 ] unsigned char [18]
  peso            6   44[BANK0 ] unsigned char [6]
  valor           2   52[BANK0 ] unsigned int 
  garron_2c       1   58[BANK0 ] unsigned char 
  garron_1c       1   57[BANK0 ] unsigned char 
  i               1   56[BANK0 ] unsigned char 
  garron_2d       1   55[BANK0 ] unsigned char 
  garron_1d       1   54[BANK0 ] unsigned char 
  garron_2u       1   51[BANK0 ] unsigned char 
  garron_1u       1   50[BANK0 ] unsigned char 
 Return value:  Size  Location     Type
                  1    wreg      void 
 Registers used:
		wreg, fsr0l, fsr0h, status,2, status,0, btemp+1, pclath, cstack
 Tracked objects:
		On entry : 
		On exit  : 
		Unchanged: 
 Data sizes:     COMMON   BANK0   BANK1   BANK3   BANK2
      Params:         0       0       0       0       0
      Locals:         0      33       0       0       0
      Temps:          0      13       0       0       0
      Totals:         0      46       0       0       0
Total ram usage:       46 bytes
 Hardware stack levels used:    1
 Hardware stack levels required when called:    2
 This function calls:
		___bmul
		___wmul
		_atoi
		_memcpy
		i1___lwdiv
		i1___lwmod
		i1_printf
 This function is called by:
		Interrupt level 1
 This function uses a non-reentrant model


 *************** function i1_printf *****************
 Defined at:
		line 464 in file "C:\Program Files (x86)\Microchip\xc8\v1.45\sources\common\doprnt.c"
 Parameters:    Size  Location     Type
  f               1    wreg     PTR const unsigned char 
		 -> STR_2(8), STR_1(5), 
 Auto vars:     Size  Location     Type
  f               1    6[BANK0 ] PTR const unsigned char 
		 -> STR_2(8), STR_1(5), 
  printf          4    0        struct .
  printf          2   10[BANK0 ] unsigned int 
  printf          2    0        PTR const unsigned char 
  printf          2    0        unsigned int 
  printf          1   12[BANK0 ] char 
  printf          1    9[BANK0 ] char 
  printf          1    8[BANK0 ] unsigned char 
  printf          1    7[BANK0 ] PTR void [1]
		 -> ?i1_printf(2), ?_printf(2), 
 Return value:  Size  Location     Type
                  2    1[BANK0 ] int 
 Registers used:
		wreg, fsr0l, fsr0h, status,2, status,0, btemp+1, pclath, cstack
 Tracked objects:
		On entry : 
		On exit  : 
		Unchanged: 
 Data sizes:     COMMON   BANK0   BANK1   BANK3   BANK2
      Params:         0       2       0       0       0
      Locals:         0       7       0       0       0
      Temps:          0       3       0       0       0
      Totals:         0      12       0       0       0
Total ram usage:       12 bytes
 Hardware stack levels used:    1
 Hardware stack levels required when called:    1
 This function calls:
		i1___lwdiv
		i1___lwmod
		i1_putch
 This function is called by:
		_ints_isr
 This function uses a non-reentrant model


 *************** function i1_putch *****************
 Defined at:
		line 34 in file "main.c"
 Parameters:    Size  Location     Type
  data            1    wreg     unsigned char 
 Auto vars:     Size  Location     Type
  data            1    0[COMMON] unsigned char 
 Return value:  Size  Location     Type
                  1    wreg      void 
 Registers used:
		wreg
 Tracked objects:
		On entry : 
		On exit  : 
		Unchanged: 
 Data sizes:     COMMON   BANK0   BANK1   BANK3   BANK2
      Params:         0       0       0       0       0
      Locals:         1       0       0       0       0
      Temps:          0       0       0       0       0
      Totals:         1       0       0       0       0
Total ram usage:        1 bytes
 Hardware stack levels used:    1
 This function calls:
		Nothing
 This function is called by:
		i1_printf
 This function uses a non-reentrant model


 *************** function i1___lwmod *****************
 Defined at:
		line 6 in file "C:\Program Files (x86)\Microchip\xc8\v1.45\sources\common\lwmod.c"
 Parameters:    Size  Location     Type
  divisor         2    8[COMMON] unsigned int 
  dividend        2   10[COMMON] unsigned int 
 Auto vars:     Size  Location     Type
  __lwmod         1    0[BANK0 ] unsigned char 
 Return value:  Size  Location     Type
                  2    8[COMMON] unsigned int 
 Registers used:
		wreg, status,2, status,0
 Tracked objects:
		On entry : 
		On exit  : 
		Unchanged: 
 Data sizes:     COMMON   BANK0   BANK1   BANK3   BANK2
      Params:         4       0       0       0       0
      Locals:         0       1       0       0       0
      Temps:          1       0       0       0       0
      Totals:         5       1       0       0       0
Total ram usage:        6 bytes
 Hardware stack levels used:    1
 This function calls:
		Nothing
 This function is called by:
		_ints_isr
		i1_printf
 This function uses a non-reentrant model


 *************** function i1___lwdiv *****************
 Defined at:
		line 6 in file "C:\Program Files (x86)\Microchip\xc8\v1.45\sources\common\lwdiv.c"
 Parameters:    Size  Location     Type
  divisor         2    0[COMMON] unsigned int 
  dividend        2    2[COMMON] unsigned int 
 Auto vars:     Size  Location     Type
  __lwdiv         2    5[COMMON] unsigned int 
  __lwdiv         1    7[COMMON] unsigned char 
 Return value:  Size  Location     Type
                  2    0[COMMON] unsigned int 
 Registers used:
		wreg, status,2, status,0
 Tracked objects:
		On entry : 
		On exit  : 
		Unchanged: 
 Data sizes:     COMMON   BANK0   BANK1   BANK3   BANK2
      Params:         4       0       0       0       0
      Locals:         3       0       0       0       0
      Temps:          1       0       0       0       0
      Totals:         8       0       0       0       0
Total ram usage:        8 bytes
 Hardware stack levels used:    1
 This function calls:
		Nothing
 This function is called by:
		_ints_isr
		i1_printf
 This function uses a non-reentrant model


 *************** function _memcpy *****************
 Defined at:
		line 27 in file "C:\Program Files (x86)\Microchip\xc8\v1.45\sources\common\memcpy.c"
 Parameters:    Size  Location     Type
  d1              1    wreg     PTR void 
		 -> ints_isr@peso(6), 
  s1              1    0[COMMON] PTR const void 
		 -> ints_isr@data(18), 
  n               2    1[COMMON] unsigned int 
 Auto vars:     Size  Location     Type
  d1              1    5[COMMON] PTR void 
		 -> ints_isr@peso(6), 
  s               1    7[COMMON] PTR const unsigned char 
		 -> ints_isr@data(18), 
  d               1    6[COMMON] PTR unsigned char 
		 -> ints_isr@peso(6), 
  tmp             1    4[COMMON] unsigned char 
 Return value:  Size  Location     Type
                  1    wreg      PTR void 
 Registers used:
		wreg, fsr0l, fsr0h, status,2, status,0
 Tracked objects:
		On entry : 
		On exit  : 
		Unchanged: 
 Data sizes:     COMMON   BANK0   BANK1   BANK3   BANK2
      Params:         3       0       0       0       0
      Locals:         4       0       0       0       0
      Temps:          1       0       0       0       0
      Totals:         8       0       0       0       0
Total ram usage:        8 bytes
 Hardware stack levels used:    1
 This function calls:
		Nothing
 This function is called by:
		_ints_isr
 This function uses a non-reentrant model


 *************** function _atoi *****************
 Defined at:
		line 5 in file "C:\Program Files (x86)\Microchip\xc8\v1.45\sources\common\atoi.c"
 Parameters:    Size  Location     Type
  s               1    wreg     PTR const unsigned char 
		 -> ints_isr@peso(6), 
 Auto vars:     Size  Location     Type
  s               1    3[BANK0 ] PTR const unsigned char 
		 -> ints_isr@peso(6), 
  a               2    1[BANK0 ] int 
  sign            1    0[BANK0 ] unsigned char 
 Return value:  Size  Location     Type
                  2    6[COMMON] int 
 Registers used:
		wreg, fsr0l, fsr0h, status,2, status,0, pclath, cstack
 Tracked objects:
		On entry : 
		On exit  : 
		Unchanged: 
 Data sizes:     COMMON   BANK0   BANK1   BANK3   BANK2
      Params:         2       0       0       0       0
      Locals:         0       4       0       0       0
      Temps:          2       0       0       0       0
      Totals:         4       4       0       0       0
Total ram usage:        8 bytes
 Hardware stack levels used:    1
 Hardware stack levels required when called:    1
 This function calls:
		___wmul
		_isdigit
 This function is called by:
		_ints_isr
 This function uses a non-reentrant model


 *************** function _isdigit *****************
 Defined at:
		line 8 in file "C:\Program Files (x86)\Microchip\xc8\v1.45\sources\common\isdigit.c"
 Parameters:    Size  Location     Type
  c               1    wreg     unsigned char 
 Auto vars:     Size  Location     Type
  c               1    1[COMMON] unsigned char 
 Return value:  Size  Location     Type
		None               void
 Registers used:
		wreg, status,2, status,0
 Tracked objects:
		On entry : 
		On exit  : 
		Unchanged: 
 Data sizes:     COMMON   BANK0   BANK1   BANK3   BANK2
      Params:         0       0       0       0       0
      Locals:         2       0       0       0       0
      Temps:          0       0       0       0       0
      Totals:         2       0       0       0       0
Total ram usage:        2 bytes
 Hardware stack levels used:    1
 This function calls:
		Nothing
 This function is called by:
		_atoi
 This function uses a non-reentrant model


 *************** function ___wmul *****************
 Defined at:
		line 15 in file "C:\Program Files (x86)\Microchip\xc8\v1.45\sources\common\Umul16.c"
 Parameters:    Size  Location     Type
  multiplier      2    0[COMMON] unsigned int 
  multiplicand    2    2[COMMON] unsigned int 
 Auto vars:     Size  Location     Type
  product         2    4[COMMON] unsigned int 
 Return value:  Size  Location     Type
                  2    0[COMMON] unsigned int 
 Registers used:
		wreg, status,2, status,0
 Tracked objects:
		On entry : 
		On exit  : 
		Unchanged: 
 Data sizes:     COMMON   BANK0   BANK1   BANK3   BANK2
      Params:         4       0       0       0       0
      Locals:         2       0       0       0       0
      Temps:          0       0       0       0       0
      Totals:         6       0       0       0       0
Total ram usage:        6 bytes
 Hardware stack levels used:    1
 This function calls:
		Nothing
 This function is called by:
		_ints_isr
		_atoi
 This function uses a non-reentrant model


 *************** function ___bmul *****************
 Defined at:
		line 4 in file "C:\Program Files (x86)\Microchip\xc8\v1.45\sources\common\Umul8.c"
 Parameters:    Size  Location     Type
  multiplier      1    wreg     unsigned char 
  multiplicand    1    0[COMMON] unsigned char 
 Auto vars:     Size  Location     Type
  multiplier      1    3[COMMON] unsigned char 
  product         1    2[COMMON] unsigned char 
 Return value:  Size  Location     Type
                  1    wreg      unsigned char 
 Registers used:
		wreg, status,2, status,0
 Tracked objects:
		On entry : 
		On exit  : 
		Unchanged: 
 Data sizes:     COMMON   BANK0   BANK1   BANK3   BANK2
      Params:         1       0       0       0       0
      Locals:         2       0       0       0       0
      Temps:          1       0       0       0       0
      Totals:         4       0       0       0       0
Total ram usage:        4 bytes
 Hardware stack levels used:    1
 This function calls:
		Nothing
 This function is called by:
		_ints_isr
 This function uses a non-reentrant model



MODULE INFORMATION

Module		Function		Class		Link	Load	Size
C:\Program Files (x86)\Microchip\xc8\v1.45\sources\common\doprnt.c
		_printf        		CODE           	04E9	0000	204

C:\Program Files (x86)\Microchip\xc8\v1.45\sources\common\doprnt.c estimated size: 204

C:\Program Files (x86)\Microchip\xc8\v1.45\sources\common\Umul16.c
		___wmul        		CODE           	025E	0000	34

C:\Program Files (x86)\Microchip\xc8\v1.45\sources\common\Umul16.c estimated size: 34

C:\Program Files (x86)\Microchip\xc8\v1.45\sources\common\isdigit.c
		_isdigit       		CODE           	0227	0000	15

C:\Program Files (x86)\Microchip\xc8\v1.45\sources\common\isdigit.c estimated size: 15

C:\Program Files (x86)\Microchip\xc8\v1.45\sources\common\memcpy.c
		_memcpy        		CODE           	02A3	0000	43

C:\Program Files (x86)\Microchip\xc8\v1.45\sources\common\memcpy.c estimated size: 43

C:\Program Files (x86)\Microchip\xc8\v1.45\sources\common\lwmod.c
		___lwmod       		CODE           	0301	0000	53

C:\Program Files (x86)\Microchip\xc8\v1.45\sources\common\lwmod.c estimated size: 53

C:\Program Files (x86)\Microchip\xc8\v1.45\sources\common\atoi.c
		_atoi          		CODE           	03AF	0000	114

C:\Program Files (x86)\Microchip\xc8\v1.45\sources\common\atoi.c estimated size: 114

shared
		i1_printf      		CODE           	0420	0000	202
		i1_putch       		CODE           	020A	0000	9
		__stringtab    		STRING         	0015	0000	7
		i1___lwdiv     		CODE           	0335	0000	61
		_dpowers       		STRING         	001B	0000	11
		i1___lwmod     		CODE           	02CD	0000	53
		__initialization		CODE           	07E7	0000	22

shared estimated size: 365

C:\Program Files (x86)\Microchip\xc8\v1.45\sources\common\lwdiv.c
		___lwdiv       		CODE           	0371	0000	63

C:\Program Files (x86)\Microchip\xc8\v1.45\sources\common\lwdiv.c estimated size: 63

C:\Program Files (x86)\Microchip\xc8\v1.45\sources\common\Umul8.c
		___bmul        		CODE           	0235	0000	18

C:\Program Files (x86)\Microchip\xc8\v1.45\sources\common\Umul8.c estimated size: 18

main.c
		_ints_isr      		CODE           	05B4	0000	564
		_putch         		CODE           	021A	0000	14
		_main          		CODE           	027F	0000	37
		_uart_init     		CODE           	0246	0000	25

main.c estimated size: 640

